[    0.000000] Linux version 4.15.0-142-generic (buildd@lgw01-amd64-036) (gcc version 7.5.0 (Ubuntu 7.5.0-3ubuntu1~18.04)) #146-Ubuntu SMP Tue Apr 13 01:11:19 UTC 2021 (Ubuntu 4.15.0-142.146-generic 4.15.18)
[    0.000000] Command line: BOOT_IMAGE=/boot/vmlinuz-4.15.0-142-generic root=LABEL=cloudimg-rootfs ro console=tty1 console=ttyS0
[    0.000000] KERNEL supported cpus:
[    0.000000]   Intel GenuineIntel
[    0.000000]   AMD AuthenticAMD
[    0.000000]   Centaur CentaurHauls
[    0.000000] x86/fpu: Supporting XSAVE feature 0x001: 'x87 floating point registers'
[    0.000000] x86/fpu: Supporting XSAVE feature 0x002: 'SSE registers'
[    0.000000] x86/fpu: Supporting XSAVE feature 0x004: 'AVX registers'
[    0.000000] x86/fpu: xstate_offset[2]:  576, xstate_sizes[2]:  256
[    0.000000] x86/fpu: Enabled xstate features 0x7, context size is 832 bytes, using 'standard' format.
[    0.000000] e820: BIOS-provided physical RAM map:
[    0.000000] BIOS-e820: [mem 0x0000000000000000-0x000000000009fbff] usable
[    0.000000] BIOS-e820: [mem 0x000000000009fc00-0x000000000009ffff] reserved
[    0.000000] BIOS-e820: [mem 0x00000000000f0000-0x00000000000fffff] reserved
[    0.000000] BIOS-e820: [mem 0x0000000000100000-0x00000000dffeffff] usable
[    0.000000] BIOS-e820: [mem 0x00000000dfff0000-0x00000000dfffffff] ACPI data
[    0.000000] BIOS-e820: [mem 0x00000000fec00000-0x00000000fec00fff] reserved
[    0.000000] BIOS-e820: [mem 0x00000000fee00000-0x00000000fee00fff] reserved
[    0.000000] BIOS-e820: [mem 0x00000000fffc0000-0x00000000ffffffff] reserved
[    0.000000] BIOS-e820: [mem 0x0000000100000000-0x000000011fffffff] usable
[    0.000000] NX (Execute Disable) protection: active
[    0.000000] SMBIOS 2.5 present.
[    0.000000] DMI: innotek GmbH VirtualBox/VirtualBox, BIOS VirtualBox 12/01/2006
[    0.000000] Hypervisor detected: KVM
[    0.000000] e820: last_pfn = 0x120000 max_arch_pfn = 0x400000000
[    0.000000] MTRR: Disabled
[    0.000000] x86/PAT: MTRRs disabled, skipping PAT initialization too.
[    0.000000] CPU MTRRs all blank - virtualized system.
[    0.000000] x86/PAT: Configuration [0-7]: WB  WT  UC- UC  WB  WT  UC- UC  
[    0.000000] e820: last_pfn = 0xdfff0 max_arch_pfn = 0x400000000
[    0.000000] found SMP MP-table at [mem 0x0009fff0-0x0009ffff]
[    0.000000] Scanning 1 areas for low memory corruption
[    0.000000] RAMDISK: [mem 0x359cf000-0x36cdefff]
[    0.000000] ACPI: Early table checksum verification disabled
[    0.000000] ACPI: RSDP 0x00000000000E0000 000024 (v02 VBOX  )
[    0.000000] ACPI: XSDT 0x00000000DFFF0030 00003C (v01 VBOX   VBOXXSDT 00000001 ASL  00000061)
[    0.000000] ACPI: FACP 0x00000000DFFF00F0 0000F4 (v04 VBOX   VBOXFACP 00000001 ASL  00000061)
[    0.000000] ACPI: DSDT 0x00000000DFFF0470 002325 (v02 VBOX   VBOXBIOS 00000002 INTL 20100528)
[    0.000000] ACPI: FACS 0x00000000DFFF0200 000040
[    0.000000] ACPI: FACS 0x00000000DFFF0200 000040
[    0.000000] ACPI: APIC 0x00000000DFFF0240 00005C (v02 VBOX   VBOXAPIC 00000001 ASL  00000061)
[    0.000000] ACPI: SSDT 0x00000000DFFF02A0 0001CC (v01 VBOX   VBOXCPUT 00000002 INTL 20100528)
[    0.000000] No NUMA configuration found
[    0.000000] Faking a node at [mem 0x0000000000000000-0x000000011fffffff]
[    0.000000] NODE_DATA(0) allocated [mem 0x11ffd1000-0x11fffbfff]
[    0.000000] kvm-clock: cpu 0, msr 1:1ff50001, primary cpu clock
[    0.000000] kvm-clock: Using msrs 4b564d01 and 4b564d00
[    0.000000] kvm-clock: using sched offset of 13799877807 cycles
[    0.000000] clocksource: kvm-clock: mask: 0xffffffffffffffff max_cycles: 0x1cd42e4dffb, max_idle_ns: 881590591483 ns
[    0.000000] Zone ranges:
[    0.000000]   DMA      [mem 0x0000000000001000-0x0000000000ffffff]
[    0.000000]   DMA32    [mem 0x0000000001000000-0x00000000ffffffff]
[    0.000000]   Normal   [mem 0x0000000100000000-0x000000011fffffff]
[    0.000000]   Device   empty
[    0.000000] Movable zone start for each node
[    0.000000] Early memory node ranges
[    0.000000]   node   0: [mem 0x0000000000001000-0x000000000009efff]
[    0.000000]   node   0: [mem 0x0000000000100000-0x00000000dffeffff]
[    0.000000]   node   0: [mem 0x0000000100000000-0x000000011fffffff]
[    0.000000] Reserved but unavailable: 98 pages
[    0.000000] Initmem setup node 0 [mem 0x0000000000001000-0x000000011fffffff]
[    0.000000] ACPI: PM-Timer IO Port: 0x4008
[    0.000000] IOAPIC[0]: apic_id 2, version 32, address 0xfec00000, GSI 0-23
[    0.000000] ACPI: INT_SRC_OVR (bus 0 bus_irq 0 global_irq 2 dfl dfl)
[    0.000000] ACPI: INT_SRC_OVR (bus 0 bus_irq 9 global_irq 9 low level)
[    0.000000] Using ACPI (MADT) for SMP configuration information
[    0.000000] smpboot: Allowing 2 CPUs, 0 hotplug CPUs
[    0.000000] PM: Registered nosave memory: [mem 0x00000000-0x00000fff]
[    0.000000] PM: Registered nosave memory: [mem 0x0009f000-0x0009ffff]
[    0.000000] PM: Registered nosave memory: [mem 0x000a0000-0x000effff]
[    0.000000] PM: Registered nosave memory: [mem 0x000f0000-0x000fffff]
[    0.000000] PM: Registered nosave memory: [mem 0xdfff0000-0xdfffffff]
[    0.000000] PM: Registered nosave memory: [mem 0xe0000000-0xfebfffff]
[    0.000000] PM: Registered nosave memory: [mem 0xfec00000-0xfec00fff]
[    0.000000] PM: Registered nosave memory: [mem 0xfec01000-0xfedfffff]
[    0.000000] PM: Registered nosave memory: [mem 0xfee00000-0xfee00fff]
[    0.000000] PM: Registered nosave memory: [mem 0xfee01000-0xfffbffff]
[    0.000000] PM: Registered nosave memory: [mem 0xfffc0000-0xffffffff]
[    0.000000] e820: [mem 0xe0000000-0xfebfffff] available for PCI devices
[    0.000000] Booting paravirtualized kernel on KVM
[    0.000000] clocksource: refined-jiffies: mask: 0xffffffff max_cycles: 0xffffffff, max_idle_ns: 7645519600211568 ns
[    0.000000] random: get_random_bytes called from start_kernel+0x99/0x500 with crng_init=0
[    0.000000] setup_percpu: NR_CPUS:8192 nr_cpumask_bits:2 nr_cpu_ids:2 nr_node_ids:1
[    0.000000] percpu: Embedded 45 pages/cpu s147456 r8192 d28672 u1048576
[    0.000000] PV qspinlock hash table entries: 256 (order: 0, 4096 bytes)
[    0.000000] Built 1 zonelists, mobility grouping on.  Total pages: 1032057
[    0.000000] Policy zone: Normal
[    0.000000] Kernel command line: BOOT_IMAGE=/boot/vmlinuz-4.15.0-142-generic root=LABEL=cloudimg-rootfs ro console=tty1 console=ttyS0
[    0.000000] Memory: 4013328K/4193848K available (12300K kernel code, 2483K rwdata, 4316K rodata, 2444K init, 2724K bss, 180520K reserved, 0K cma-reserved)
[    0.000000] SLUB: HWalign=64, Order=0-3, MinObjects=0, CPUs=2, Nodes=1
[    0.000000] Kernel/User page tables isolation: enabled
[    0.000000] ftrace: allocating 39434 entries in 155 pages
[    0.004000] Hierarchical RCU implementation.
[    0.004000] 	RCU restricting CPUs from NR_CPUS=8192 to nr_cpu_ids=2.
[    0.004000] 	Tasks RCU enabled.
[    0.004000] RCU: Adjusting geometry for rcu_fanout_leaf=16, nr_cpu_ids=2
[    0.004000] NR_IRQS: 524544, nr_irqs: 440, preallocated irqs: 16
[    0.004000] Console: colour VGA+ 80x25
[    0.004000] console [tty1] enabled
[    0.004000] console [ttyS0] enabled
[    0.004000] ACPI: Core revision 20170831
[    0.004000] ACPI: 2 ACPI AML tables successfully acquired and loaded
[    0.004000] APIC: Switch to symmetric I/O mode setup
[    0.004000] x2apic enabled
[    0.004012] Switched APIC routing to physical x2apic.
[    0.010367] ..TIMER: vector=0x30 apic1=0 pin1=2 apic2=-1 pin2=-1
[    0.012008] tsc: Detected 2400.000 MHz processor
[    0.013868] Calibrating delay loop (skipped) preset value.. 4800.00 BogoMIPS (lpj=9600000)
[    0.016008] pid_max: default: 32768 minimum: 301
[    0.020063] Security Framework initialized
[    0.021716] Yama: becoming mindful.
[    0.023223] AppArmor: AppArmor initialized
[    0.031903] Dentry cache hash table entries: 524288 (order: 10, 4194304 bytes)
[    0.036221] Inode-cache hash table entries: 262144 (order: 9, 2097152 bytes)
[    0.040034] Mount-cache hash table entries: 8192 (order: 4, 65536 bytes)
[    0.042494] Mountpoint-cache hash table entries: 8192 (order: 4, 65536 bytes)
[    0.044449] Last level iTLB entries: 4KB 64, 2MB 8, 4MB 8
[    0.048008] Last level dTLB entries: 4KB 64, 2MB 0, 4MB 0, 1GB 4
[    0.050547] Spectre V1 : Mitigation: usercopy/swapgs barriers and __user pointer sanitization
[    0.052013] Spectre V2 : Mitigation: Full generic retpoline
[    0.056003] Spectre V2 : Spectre v2 / SpectreRSB mitigation: Filling RSB on context switch
[    0.058375] Speculative Store Bypass: Vulnerable
[    0.059677] SRBDS: Unknown: Dependent on hypervisor status
[    0.060007] MDS: Mitigation: Clear CPU buffers
[    0.061757] Freeing SMP alternatives memory: 36K
[    0.175116] smpboot: CPU0: Intel(R) Core(TM) i5-6200U CPU @ 2.30GHz (family: 0x6, model: 0x4e, stepping: 0x3)
[    0.176125] Performance Events: unsupported p6 CPU model 78 no PMU driver, software events only.
[    0.179806] Hierarchical SRCU implementation.
[    0.180753] NMI watchdog: Perf event create on CPU 0 failed with -2
[    0.182504] NMI watchdog: Perf NMI watchdog permanently disabled
[    0.184078] smp: Bringing up secondary CPUs ...
[    0.188107] x86: Booting SMP configuration:
[    0.192004] .... node  #0, CPUs:      #1
[    0.004000] kvm-clock: cpu 1, msr 1:1ff50041, secondary cpu clock
[    0.199570] smp: Brought up 1 node, 2 CPUs
[    0.200032] smpboot: Max logical packages: 1
[    0.201870] smpboot: Total of 2 processors activated (9600.00 BogoMIPS)
[    0.208000] devtmpfs: initialized
[    0.208000] x86/mm: Memory block size: 128MB
[    0.208000] evm: security.selinux
[    0.212010] evm: security.SMACK64
[    0.213137] evm: security.SMACK64EXEC
[    0.213137] evm: security.SMACK64TRANSMUTE
[    0.214924] evm: security.SMACK64MMAP
[    0.216009] evm: security.apparmor
[    0.217406] evm: security.ima
[    0.218690] evm: security.capability
[    0.224095] clocksource: jiffies: mask: 0xffffffff max_cycles: 0xffffffff, max_idle_ns: 7645041785100000 ns
[    0.228020] futex hash table entries: 512 (order: 3, 32768 bytes)
[    0.230193] pinctrl core: initialized pinctrl subsystem
[    0.230193] RTC time: 23:31:36, date: 04/20/21
[    0.230193] NET: Registered protocol family 16
[    0.236170] audit: initializing netlink subsys (disabled)
[    0.240188] audit: type=2000 audit(1618961512.497:1): state=initialized audit_enabled=0 res=1
[    0.242692] cpuidle: using governor ladder
[    0.244156] cpuidle: using governor menu
[    0.245449] ACPI: bus type PCI registered
[    0.246510] acpiphp: ACPI Hot Plug PCI Controller Driver version: 0.5
[    0.252207] PCI: Using configuration type 1 for base access
[    0.260106] HugeTLB registered 2.00 MiB page size, pre-allocated 0 pages
[    0.264123] ACPI: Added _OSI(Module Device)
[    0.265885] ACPI: Added _OSI(Processor Device)
[    0.268041] ACPI: Added _OSI(3.0 _SCP Extensions)
[    0.272011] ACPI: Added _OSI(Processor Aggregator Device)
[    0.280014] ACPI: Added _OSI(Linux-Dell-Video)
[    0.284007] ACPI: Added _OSI(Linux-Lenovo-NV-HDMI-Audio)
[    0.285971] ACPI: Added _OSI(Linux-HPI-Hybrid-Graphics)
[    0.288439] ACPI: Executed 1 blocks of module-level executable AML code
[    0.297127] ACPI: Interpreter enabled
[    0.300038] ACPI: (supports S0 S5)
[    0.301404] ACPI: Using IOAPIC for interrupt routing
[    0.304496] PCI: Using host bridge windows from ACPI; if necessary, use "pci=nocrs" and report a bug
[    0.308372] ACPI: Enabled 2 GPEs in block 00 to 07
[    0.332081] ACPI: PCI Root Bridge [PCI0] (domain 0000 [bus 00-ff])
[    0.334498] acpi PNP0A03:00: _OSC: OS supports [ASPM ClockPM Segments MSI]
[    0.340814] acpi PNP0A03:00: _OSC: not requesting OS control; OS requires [ExtendedConfig ASPM ClockPM MSI]
[    0.344029] acpi PNP0A03:00: fail to add MMCONFIG information, can't access extended PCI configuration space under this bridge.
[    0.348652] PCI host bridge to bus 0000:00
[    0.348652] pci_bus 0000:00: root bus resource [io  0x0000-0x0cf7 window]
[    0.349867] pci_bus 0000:00: root bus resource [io  0x0d00-0xffff window]
[    0.352000] pci_bus 0000:00: root bus resource [mem 0x000a0000-0x000bffff window]
[    0.360015] pci_bus 0000:00: root bus resource [mem 0xe0000000-0xfdffffff window]
[    0.362822] pci_bus 0000:00: root bus resource [bus 00-ff]
[    0.367831] pci 0000:00:01.1: legacy IDE quirk: reg 0x10: [io  0x01f0-0x01f7]
[    0.380013] pci 0000:00:01.1: legacy IDE quirk: reg 0x14: [io  0x03f6]
[    0.382433] pci 0000:00:01.1: legacy IDE quirk: reg 0x18: [io  0x0170-0x0177]
[    0.384014] pci 0000:00:01.1: legacy IDE quirk: reg 0x1c: [io  0x0376]
[    0.446336] pci 0000:00:07.0: quirk: [io  0x4000-0x403f] claimed by PIIX4 ACPI
[    0.448008] pci 0000:00:07.0: quirk: [io  0x4100-0x410f] claimed by PIIX4 SMB
[    0.495254] ACPI: PCI Interrupt Link [LNKA] (IRQs 5 9 10 *11)
[    0.501177] ACPI: PCI Interrupt Link [LNKB] (IRQs 5 9 *10 11)
[    0.504209] ACPI: PCI Interrupt Link [LNKC] (IRQs 5 *9 10 11)
[    0.506261] ACPI: PCI Interrupt Link [LNKD] (IRQs 5 9 10 *11)
[    0.508204] SCSI subsystem initialized
[    0.512208] pci 0000:00:02.0: vgaarb: setting as boot VGA device
[    0.514531] pci 0000:00:02.0: vgaarb: VGA device added: decodes=io+mem,owns=io+mem,locks=none
[    0.520015] pci 0000:00:02.0: vgaarb: bridge control possible
[    0.524008] vgaarb: loaded
[    0.524141] ACPI: bus type USB registered
[    0.525689] usbcore: registered new interface driver usbfs
[    0.527576] usbcore: registered new interface driver hub
[    0.532023] usbcore: registered new device driver usb
[    0.533447] EDAC MC: Ver: 3.0.0
[    0.536044] PCI: Using ACPI for IRQ routing
[    0.537294] NetLabel: Initializing
[    0.540006] NetLabel:  domain hash size = 128
[    0.540006] NetLabel:  protocols = UNLABELED CIPSOv4 CALIPSO
[    0.544042] NetLabel:  unlabeled traffic allowed by default
[    0.545731] clocksource: Switched to clocksource kvm-clock
[    0.578776] VFS: Disk quotas dquot_6.6.0
[    0.580600] VFS: Dquot-cache hash table entries: 512 (order 0, 4096 bytes)
[    0.583442] AppArmor: AppArmor Filesystem Enabled
[    0.585545] pnp: PnP ACPI init
[    0.588669] pnp: PnP ACPI: found 3 devices
[    0.596902] clocksource: acpi_pm: mask: 0xffffff max_cycles: 0xffffff, max_idle_ns: 2085701024 ns
[    0.602199] NET: Registered protocol family 2
[    0.607636] TCP established hash table entries: 32768 (order: 6, 262144 bytes)
[    0.612066] TCP bind hash table entries: 32768 (order: 7, 524288 bytes)
[    0.614372] TCP: Hash tables configured (established 32768 bind 32768)
[    0.616189] UDP hash table entries: 2048 (order: 4, 65536 bytes)
[    0.618627] UDP-Lite hash table entries: 2048 (order: 4, 65536 bytes)
[    0.620497] NET: Registered protocol family 1
[    0.621788] pci 0000:00:00.0: Limiting direct PCI/PCI transfers
[    0.623752] pci 0000:00:01.0: Activating ISA DMA hang workarounds
[    0.625591] pci 0000:00:02.0: Video device with shadowed ROM at [mem 0x000c0000-0x000dffff]
[    0.628550] Unpacking initramfs...
[    1.116668] Freeing initrd memory: 19520K
[    1.118627] PCI-DMA: Using software bounce buffering for IO (SWIOTLB)
[    1.120704] software IO TLB: mapped [mem 0xdbff0000-0xdfff0000] (64MB)
[    1.122504] clocksource: tsc: mask: 0xffffffffffffffff max_cycles: 0x22983777dd9, max_idle_ns: 440795300422 ns
[    1.125289] platform rtc_cmos: registered platform RTC device (no PNP device found)
[    1.127988] Scanning for low memory corruption every 60 seconds
[    1.132169] Initialise system trusted keyrings
[    1.134044] Key type blacklist registered
[    1.135551] workingset: timestamp_bits=36 max_order=20 bucket_order=0
[    1.139067] zbud: loaded
[    1.140871] squashfs: version 4.0 (2009/01/31) Phillip Lougher
[    1.142778] fuse init (API version 7.26)
[    1.150812] Key type asymmetric registered
[    1.152128] Asymmetric key parser 'x509' registered
[    1.153530] Block layer SCSI generic (bsg) driver version 0.4 loaded (major 246)
[    1.155725] io scheduler noop registered
[    1.156971] io scheduler deadline registered
[    1.158818] io scheduler cfq registered (default)
[    1.161111] ACPI: AC Adapter [AC] (on-line)
[    1.162478] input: Power Button as /devices/LNXSYSTM:00/LNXPWRBN:00/input/input0
[    1.164501] ACPI: Power Button [PWRF]
[    1.165663] input: Sleep Button as /devices/LNXSYSTM:00/LNXSLPBN:00/input/input1
[    1.168419] ACPI: Sleep Button [SLPF]
[    1.170555] Serial: 8250/16550 driver, 32 ports, IRQ sharing enabled
[    1.171820] ACPI: Battery Slot [BAT0] (battery present)
[    1.196611] 00:02: ttyS0 at I/O 0x3f8 (irq = 4, base_baud = 115200) is a 16550A
[    1.202090] Linux agpgart interface v0.103
[    1.208119] loop: module loaded
[    1.210444] scsi host0: ata_piix
[    1.212340] scsi host1: ata_piix
[    1.213768] ata1: PATA max UDMA/33 cmd 0x1f0 ctl 0x3f6 bmdma 0xd000 irq 14
[    1.217924] ata2: PATA max UDMA/33 cmd 0x170 ctl 0x376 bmdma 0xd008 irq 15
[    1.225556] libphy: Fixed MDIO Bus: probed
[    1.227439] tun: Universal TUN/TAP device driver, 1.6
[    1.229447] PPP generic driver version 2.4.2
[    1.231388] ehci_hcd: USB 2.0 'Enhanced' Host Controller (EHCI) Driver
[    1.233275] ehci-pci: EHCI PCI platform driver
[    1.234567] ehci-platform: EHCI generic platform driver
[    1.236023] ohci_hcd: USB 1.1 'Open' Host Controller (OHCI) Driver
[    1.238312] ohci-pci: OHCI PCI platform driver
[    1.239572] ohci-platform: OHCI generic platform driver
[    1.241670] uhci_hcd: USB Universal Host Controller Interface driver
[    1.245348] i8042: PNP: PS/2 Controller [PNP0303:PS2K,PNP0f03:PS2M] at 0x60,0x64 irq 1,12
[    1.249350] serio: i8042 KBD port at 0x60,0x64 irq 1
[    1.250907] serio: i8042 AUX port at 0x60,0x64 irq 12
[    1.252976] mousedev: PS/2 mouse device common for all mice
[    1.254894] input: AT Translated Set 2 keyboard as /devices/platform/i8042/serio0/input/input2
[    1.258734] rtc_cmos rtc_cmos: rtc core: registered rtc_cmos as rtc0
[    1.260652] rtc_cmos rtc_cmos: alarms up to one day, 114 bytes nvram
[    1.262415] i2c /dev entries driver
[    1.263548] device-mapper: uevent: version 1.0.3
[    1.265232] device-mapper: ioctl: 4.37.0-ioctl (2017-09-20) initialised: dm-devel@redhat.com
[    1.268248] ledtrig-cpu: registered to indicate activity on CPUs
[    1.274984] NET: Registered protocol family 10
[    1.283228] Segment Routing with IPv6
[    1.284541] NET: Registered protocol family 17
[    1.285957] Key type dns_resolver registered
[    1.287971] mce: Using 0 MCE banks
[    1.289146] RAS: Correctable Errors collector initialized.
[    1.291430] sched_clock: Marking stable (1289115607, 0)->(1924742686, -635627079)
[    1.294290] registered taskstats version 1
[    1.295554] Loading compiled-in X.509 certificates
[    1.300566] Loaded X.509 cert 'Build time autogenerated kernel key: 028139f94c642d40642d50ab098c4e7b0aebaa81'
[    1.304005] Loaded X.509 cert 'Canonical Ltd. Live Patch Signing: 14df34d1a87cf37625abec039ef2bf521249b969'
[    1.309805] Loaded X.509 cert 'Canonical Ltd. Kernel Module Signing: 88f752e560a1e0737e31163a466ad7b70a850c19'
[    1.312826] zswap: loaded using pool lzo/zbud
[    1.318622] Key type big_key registered
[    1.320212] Key type trusted registered
[    1.323861] Key type encrypted registered
[    1.325225] AppArmor: AppArmor sha1 policy hashing enabled
[    1.326767] ima: No TPM chip found, activating TPM-bypass! (rc=-19)
[    1.328761] ima: Allocated hash algorithm: sha1
[    1.329987] evm: HMAC attrs: 0x1
[    1.331274]   Magic number: 1:410:555
[    1.333002] rtc_cmos rtc_cmos: setting system clock to 2021-04-20 23:31:37 UTC (1618961497)
[    1.335960] BIOS EDD facility v0.16 2004-Jun-25, 0 devices found
[    1.339307] EDD information not available.
[    1.419841] Freeing unused kernel image memory: 2444K
[    1.432281] Write protecting the kernel read-only data: 20480k
[    1.444820] Freeing unused kernel image memory: 2008K
[    1.453616] Freeing unused kernel image memory: 1828K
[    1.470892] x86/mm: Checked W+X mappings: passed, no W+X pages found.
[    1.473505] x86/mm: Checking user space page tables
[    1.488066] x86/mm: Checked W+X mappings: passed, no W+X pages found.
Loading, please wait...
starting version 237
[    1.631887] Fusion MPT base driver 3.04.20
[    1.633560] Copyright (c) 1999-2008 LSI Corporation
[    1.637671] e1000: Intel(R) PRO/1000 Network Driver - version 7.3.21-k8-NAPI
[    1.639992] e1000: Copyright (c) 1999-2006 Intel Corporation.
[    1.685841] Fusion MPT SPI Host driver 3.04.20
[    1.721202] AVX2 version of gcm_enc/dec engaged.
[    1.722871] AES CTR mode by8 optimization enabled
[    1.905214] input: ImExPS/2 Generic Explorer Mouse as /devices/platform/i8042/serio1/input/input4
[    2.240547] e1000 0000:00:03.0 eth0: (PCI:33MHz:32-bit) 02:f3:7b:02:da:50
[    2.243312] e1000 0000:00:03.0 eth0: Intel(R) PRO/1000 Network Connection
[    3.196351] e1000 0000:00:08.0 eth1: (PCI:33MHz:32-bit) 08:00:27:3b:c6:03
[    3.203133] e1000 0000:00:08.0 eth1: Intel(R) PRO/1000 Network Connection
[    3.211857] e1000 0000:00:03.0 enp0s3: renamed from eth0
[    3.220902] mptbase: ioc0: Initiating bringup
[    3.229029] e1000 0000:00:08.0 enp0s8: renamed from eth1
[    3.770852] ioc0: LSI53C1030 A0: Capabilities={Initiator}
[    5.574021] scsi host2: ioc0: LSI53C1030 A0, FwRev=00000000h, Ports=1, MaxQ=256, IRQ=20
[    7.209244] scsi 2:0:0:0: Direct-Access     VBOX     HARDDISK         1.0  PQ: 0 ANSI: 5
[    7.245061] scsi target2:0:0: Beginning Domain Validation
[    7.250097] scsi target2:0:0: Domain Validation skipping write tests
[    7.252422] scsi target2:0:0: Ending Domain Validation
[    7.254794] scsi target2:0:0: asynchronous
[    7.258095] scsi 2:0:1:0: Direct-Access     VBOX     HARDDISK         1.0  PQ: 0 ANSI: 5
[    7.292205] scsi target2:0:1: Beginning Domain Validation
[    7.296391] random: fast init done
[    7.300398] scsi target2:0:1: Domain Validation skipping write tests
[    7.303131] scsi target2:0:1: Ending Domain Validation
[    7.305536] scsi target2:0:1: asynchronous
[    7.315461] random: systemd-udevd: uninitialized urandom read (16 bytes read)
[    7.315643] sd 2:0:0:0: Attached scsi generic sg0 type 0
[    7.319450] sd 2:0:0:0: [sda] 83886080 512-byte logical blocks: (42.9 GB/40.0 GiB)
[    7.321865] sd 2:0:1:0: Attached scsi generic sg1 type 0
[    7.325483] random: systemd-udevd: uninitialized urandom read (16 bytes read)
[    7.325490] random: systemd-udevd: uninitialized urandom read (16 bytes read)
[    7.326474] sd 2:0:1:0: [sdb] 20480 512-byte logical blocks: (10.5 MB/10.0 MiB)
[    7.337168] sd 2:0:0:0: [sda] Write Protect is off
[    7.339349] sd 2:0:0:0: [sda] Incomplete mode parameter data
[    7.341634] sd 2:0:0:0: [sda] Assuming drive cache: write through
[    7.343961] sd 2:0:1:0: [sdb] Write Protect is off
[    7.347879] sd 2:0:1:0: [sdb] Incomplete mode parameter data
[    7.350663] sd 2:0:1:0: [sdb] Assuming drive cache: write through
[    7.390834]  sda: sda1
[    7.392985] sd 2:0:0:0: [sda] Attached SCSI disk
[    7.415173] sd 2:0:1:0: [sdb] Attached SCSI disk
Begin: Loading essential drivers ... [    9.656423] raid6: sse2x1   gen()  7025 MB/s
[    9.704255] raid6: sse2x1   xor()  4389 MB/s
[    9.752065] raid6: sse2x2   gen()  9041 MB/s
[    9.800031] raid6: sse2x2   xor()  4417 MB/s
[    9.848686] raid6: sse2x4   gen() 10123 MB/s
[    9.896225] raid6: sse2x4   xor()  6096 MB/s
[    9.944754] raid6: avx2x1   gen() 11820 MB/s
[    9.992617] raid6: avx2x1   xor()  5558 MB/s
[   10.044052] raid6: avx2x2   gen() 13552 MB/s
[   10.092207] raid6: avx2x2   xor()  9356 MB/s
[   10.140053] raid6: avx2x4   gen() 13613 MB/s
[   10.188843] raid6: avx2x4   xor()  7155 MB/s
[   10.190881] raid6: using algorithm avx2x4 gen() 13613 MB/s
[   10.193370] raid6: .... xor() 7155 MB/s, rmw enabled
[   10.194922] raid6: using avx2x2 recovery algorithm
[   10.199182] xor: automatically using best checksumming function   avx       
[   10.205910] async_tx: api initialized (async)
done.
Begin: Running /scripts/init-premount ... done.
Begin: Mounting root file system ... Begin: Running /scripts/local-top ... done.
Begin: Running /scripts/local-premount ... [   10.334153] Btrfs loaded, crc32c=crc32c-intel
Scanning for Btrfs filesystems
done.
Warning: fsck not present, so skipping root file system
[   10.954096] EXT4-fs (sda1): mounted filesystem with ordered data mode. Opts: (null)
done.
Begin: Running /scripts/local-bottom ... done.
Begin: Running /scripts/init-bottom ... done.
[   12.463496] random: crng init done
[   12.466225] random: 7 urandom warning(s) missed due to ratelimiting
[   16.541598] ip_tables: (C) 2000-2006 Netfilter Core Team
[   16.995826] systemd[1]: systemd 237 running in system mode. (+PAM +AUDIT +SELINUX +IMA +APPARMOR +SMACK +SYSVINIT +UTMP +LIBCRYPTSETUP +GCRYPT +GNUTLS +ACL +XZ +LZ4 +SECCOMP +BLKID +ELFUTILS +KMOD -IDN2 +IDN -PCRE2 default-hierarchy=hybrid)
[   17.006650] systemd[1]: Detected virtualization oracle.
[   17.009084] systemd[1]: Detected architecture x86-64.

Welcome to [1mUbuntu 18.04.5 LTS[0m!

[   17.080359] systemd[1]: Set hostname to <ubuntu>.
[   17.268266] systemd[1]: Initializing machine ID from random generator.
[   17.271728] systemd[1]: Installed transient /etc/machine-id file.
[   26.289860] systemd[1]: Started Forward Password Requests to Wall Directory Watch.
[[0;32m  OK  [0m] Started Forward Password Requests to Wall Directory Watch.
[   26.293958] systemd[1]: Set up automount Arbitrary Executable File Formats File System Automount Point.
[[0;32m  OK  [0m] Set up automount Arbitrary Executabâ€¦rmats File System Automount Point.
[   26.299186] systemd[1]: Reached target Swap.
[[0;32m  OK  [0m] Reached target Swap.
[   26.301514] systemd[1]: Reached target User and Group Name Lookups.
[[0;32m  OK  [0m] Reached target User and Group Name Lookups.
[   26.306598] systemd[1]: Created slice User and Session Slice.
[[0;32m  OK  [0m] Created slice User and Session Slice.
[   26.310447] systemd[1]: Created slice System Slice.
[[0;32m  OK  [0m] Created slice System Slice.
[   26.313505] systemd[1]: Listening on Journal Socket.
[[0;32m  OK  [0m] Listening on Journal Socket.
[   26.317006] systemd[1]: Listening on Syslog Socket.
[[0;32m  OK  [0m] Listening on Syslog Socket.
[   26.321197] systemd[1]: Mounting Huge Pages File System...
         Mounting Huge Pages File System...
[   26.324238] systemd[1]: Listening on /dev/initctl Compatibility Named Pipe.
[[0;32m  OK  [0m] Listening on /dev/initctl Compatibility Named Pipe.
[[0;32m  OK  [0m] Listening on Device-mapper event daemon FIFOs.
         Starting Uncomplicated firewall...
         Mounting Kernel Debug File System...
[[0;32m  OK  [0m] Reached target Slices.
[[0;32m  OK  [0m] Listening on LVM2 metadata daemon socket.
[[0;32m  OK  [0m] Listening on fsck to fsckd communication Socket.
         Mounting POSIX Message Queue File System...
         Starting Create list of required stâ€¦ce nodes for the current kernel...
[[0;32m  OK  [0m] Listening on udev Control Socket.
[[0;32m  OK  [0m] Listening on Network Service Netlink Socket.
[[0;32m  OK  [0m] Listening on LVM2 poll daemon socket.
         Starting Monitoring of LVM2 mirrorsâ€¦ng dmeventd or progress polling...
[[0;32m  OK  [0m] Listening on Journal Audit Socket.
[[0;32m  OK  [0m] Listening on udev Kernel Socket.
         Starting udev Coldplug all Devices...
[[0;32m  OK  [0m] Listening on Journal Socket (/dev/log).
         Starting Journal Service...
         Starting Set the console keyboard layout...
[[0;32m  OK  [0m] Reached target System Time Synchronized.
         Starting Load Kernel Modules...
[[0;32m  OK  [0m] Created slice system-serial\x2dgetty.slice.
         Starting File System Check on Root Device...
[[0;32m  OK  [0m] Mounted Huge Pages File System.
[[0;32m  OK  [0m] Mounted Kernel Debug File System.
[[0;32m  OK  [0m] Mounted POSIX Message Queue File System.
[[0;32m  OK  [0m] Started Create list of required staâ€¦vice nodes for the current kernel.
         Starting Create Static Device Nodes in /dev...
[[0;32m  OK  [0m] Started Uncomplicated firewall.
[[0;32m  OK  [0m] Started udev Coldplug all Devices.
[[0;32m  OK  [0m] Started File System Check Daemon to report status.
[[0;32m  OK  [0m] Started Journal Service.
[   27.774583] Loading iSCSI transport class v2.0-870.
[[0;32m  OK  [0m] Started LVM2 metadata daemon.
[   28.234095] iscsi: registered transport (tcp)
[[0;32m  OK  [0m] Started File System Check on Root Device.
         Starting Remount Root and Kernel File Systems...
[[0;32m  OK  [0m] Started Set the console keyboard layout.
[   29.175145] iscsi: registered transport (iser)
[[0;32m  OK  [0m] Started Load Kernel Modules.
         Mounting FUSE Control File System...
         Mounting Kernel Configuration File System...
         Starting Apply Kernel Variables...
[[0;32m  OK  [0m] Mounted FUSE Control File System.
[[0;32m  OK  [0m] Mounted Kernel Configuration File System.
[   29.435349] EXT4-fs (sda1): re-mounted. Opts: (null)
[[0;32m  OK  [0m] Started Remount Root and Kernel File Systems.
         Starting Load/Save Random Seed...
         Starting Flush Journal to Persistent Storage...
[[0;32m  OK  [0m] Started Monitoring of LVM2 mirrors,â€¦sing dmeventd or progress polling.
[[0;32m  OK  [0m] Started Create Static Device Nodes in /dev.
         Starting udev Kernel Device Manager...
[[0;32m  OK  [0m] Reached target Local File Systems (Pre).
[[0;32m  OK  [0m] Reached target Local File Systems.
         Starting Tell Plymouth To Write Out Runtime Data...
         Starting ebtables ruleset management...
         Starting Set console font and keymap...
         Starting AppArmor initialization...
         Starting Commit a transient machine-id on disk...
[[0;32m  OK  [0m] Started Tell Plymouth To Write Out Runtime Data.
[[0;32m  OK  [0m] Started Set console font and keymap.
[[0;32m  OK  [0m] Started Load/Save Random Seed.
[[0;32m  OK  [0m] Started Apply Kernel Variables.
[[0;32m  OK  [0m] Started Flush Journal to Persistent Storage.
         Starting Create Volatile Files and Directories...
[[0;32m  OK  [0m] Started Commit a transient machine-id on disk.
[[0;32m  OK  [0m] Started Create Volatile Files and Directories.
         Starting Update UTMP about System Boot/Shutdown...
[[0;32m  OK  [0m] Started Update UTMP about System Boot/Shutdown.
[[0;32m  OK  [0m] Started udev Kernel Device Manager.
[[0;32m  OK  [0m] Started Dispatch Password Requests to Console Directory Watch.
[[0;32m  OK  [0m] Reached target Local Encrypted Volumes.
[[0;32m  OK  [0m] Started ebtables ruleset management.
[[0;32m  OK  [0m] Found device /dev/ttyS0.
[[0;32m  OK  [0m] Listening on Load/Save RF Kill Switch Status /dev/rfkill Watch.
[[0;32m  OK  [0m] Started AppArmor initialization.
         Starting Initial cloud-init job (pre-networking)...
         Starting Load AppArmor profiles managed internally by snapd...
[[0;32m  OK  [0m] Started Load AppArmor profiles managed internally by snapd.
[   46.441150] cloud-init[566]: Cloud-init v. 21.1-19-gbad84ad4-0ubuntu1~18.04.1 running 'init-local' at Tue, 20 Apr 2021 23:32:21 +0000. Up 45.40 seconds.
[[0;32m  OK  [0m] Started Initial cloud-init job (pre-networking).
[[0;32m  OK  [0m] Reached target Network (Pre).
         Starting Network Service...
[[0;32m  OK  [0m] Started Network Service.
         Starting Wait for Network to be Configured...
         Starting Network Name Resolution...
[[0;32m  OK  [0m] Started Network Name Resolution.
[[0;32m  OK  [0m] Reached target Network.
[[0;32m  OK  [0m] Reached target Host and Network Name Lookups.
[[0;32m  OK  [0m] Started Wait for Network to be Configured.
         Starting Initial cloud-init job (metadata service crawler)...
[   50.691399] cloud-init[698]: Cloud-init v. 21.1-19-gbad84ad4-0ubuntu1~18.04.1 running 'init' at Tue, 20 Apr 2021 23:32:26 +0000. Up 50.23 seconds.
[   50.695541] cloud-init[698]: ci-info: ++++++++++++++++++++++++++++++++++++++Net device info+++++++++++++++++++++++++++++++++++++++
[   50.704570] cloud-init[698]: ci-info: +--------+-------+----------------------------+---------------+--------+-------------------+
[   50.714716] cloud-init[698]: ci-info: | Device |   Up  |          Address           |      Mask     | Scope  |     Hw-Address    |
[   50.720105] cloud-init[698]: ci-info: +--------+-------+----------------------------+---------------+--------+-------------------+
[   50.726342] cloud-init[698]: ci-info: | enp0s3 |  True |         10.0.2.15          | 255.255.255.0 | global | 02:f3:7b:02:da:50 |
[   50.744632] cloud-init[698]: ci-info: | enp0s3 |  True | fe80::f3:7bff:fe02:da50/64 |       .       |  link  | 02:f3:7b:02:da:50 |
[   50.751143] cloud-init[698]: ci-info: | enp0s8 | False |             .              |       .       |   .    | 08:00:27:3b:c6:03 |
[   50.758541] cloud-init[698]: ci-info: |   lo   |  True |         127.0.0.1          |   255.0.0.0   |  host  |         .         |
[   50.764122] cloud-init[698]: ci-info: |   lo   |  True |          ::1/128           |       .       |  host  |         .         |
[   50.770688] cloud-init[698]: ci-info: +--------+-------+----------------------------+---------------+--------+-------------------+
[   50.774835] cloud-init[698]: ci-info: ++++++++++++++++++++++++++++Route IPv4 info+++++++++++++++++++++++++++++
[   50.779167] cloud-init[698]: ci-info: +-------+-------------+----------+-----------------+-----------+-------+
[   50.782061] cloud-init[698]: ci-info: | Route | Destination | Gateway  |     Genmask     | Interface | Flags |
[   50.785338] cloud-init[698]: ci-info: +-------+-------------+----------+-----------------+-----------+-------+
[   50.788968] cloud-init[698]: ci-info: |   0   |   0.0.0.0   | 10.0.2.2 |     0.0.0.0     |   enp0s3  |   UG  |
[   50.793001] cloud-init[698]: ci-info: |   1   |   10.0.2.0  | 0.0.0.0  |  255.255.255.0  |   enp0s3  |   U   |
[   50.798571] cloud-init[698]: ci-info: |   2   |   10.0.2.2  | 0.0.0.0  | 255.255.255.255 |   enp0s3  |   UH  |
[   50.801558] cloud-init[698]: ci-info: +-------+-------------+----------+-----------------+-----------+-------+
[   50.822340] cloud-init[698]: ci-info: +++++++++++++++++++Route IPv6 info+++++++++++++++++++
[   50.824982] cloud-init[698]: ci-info: +-------+-------------+---------+-----------+-------+
[   50.837081] cloud-init[698]: ci-info: | Route | Destination | Gateway | Interface | Flags |
[   50.840013] cloud-init[698]: ci-info: +-------+-------------+---------+-----------+-------+
[   50.842087] cloud-init[698]: ci-info: |   1   |  fe80::/64  |    ::   |   enp0s3  |   U   |
[   50.856597] cloud-init[698]: ci-info: |   3   |    local    |    ::   |   enp0s3  |   U   |
[   50.858483] cloud-init[698]: ci-info: |   4   |   ff00::/8  |    ::   |   enp0s3  |   U   |
[   50.872707] cloud-init[698]: ci-info: +-------+-------------+---------+-----------+-------+
[   53.785391] cloud-init[698]: Generating public/private rsa key pair.
[   53.793561] cloud-init[698]: Your identification has been saved in /etc/ssh/ssh_host_rsa_key.
[   53.801800] cloud-init[698]: Your public key has been saved in /etc/ssh/ssh_host_rsa_key.pub.
[   53.808528] cloud-init[698]: The key fingerprint is:
[   53.811191] cloud-init[698]: SHA256:Xkh6uN4ZZqj6PyODYeO2TH0uB7ZY9wYLmJF1T0N3qJA root@ubuntu-bionic
[   53.815353] cloud-init[698]: The key's randomart image is:
[   53.817953] cloud-init[698]: +---[RSA 2048]----+
[   53.819329] cloud-init[698]: |       o. ...    |
[   53.821687] cloud-init[698]: |    . E o...     |
[   53.824451] cloud-init[698]: |   o . +.o       |
[   53.841830] cloud-init[698]: |  o    +o.       |
[   53.843713] cloud-init[698]: |   +  o S .      |
[   53.845833] cloud-init[698]: |  *.= o= .       |
[   53.848006] cloud-init[698]: | o.B.=++=        |
[   53.849702] cloud-init[698]: | o= ===+oo       |
[   53.851232] cloud-init[698]: | .++o*++o        |
[   53.852652] cloud-init[698]: +----[SHA256]-----+
[   53.854284] cloud-init[698]: Generating public/private dsa key pair.
[   53.856597] cloud-init[698]: Your identification has been saved in /etc/ssh/ssh_host_dsa_key.
[   53.859477] cloud-init[698]: Your public key has been saved in /etc/ssh/ssh_host_dsa_key.pub.
[   53.862469] cloud-init[698]: The key fingerprint is:
[   53.863974] cloud-init[698]: SHA256:wDx3yceJtdrGlxRC3iSZY7Br02GMxltZFbjyPtZjJ7I root@ubuntu-bionic
[   53.866224] cloud-init[698]: The key's randomart image is:
[   53.873319] cloud-init[698]: +---[DSA 1024]----+
[   53.875514] cloud-init[698]: |          .o=o=oo|
[   53.877567] cloud-init[698]: |     o   o X=@ . |
[   53.879371] cloud-init[698]: |      = . X.%.+  |
[   53.881492] cloud-init[698]: |       + o % + . |
[   53.882898] cloud-init[698]: |        S * B o  |
[   53.884610] cloud-init[698]: |         . o o   |
[   53.887896] cloud-init[698]: |            . .  |
[   53.890637] cloud-init[698]: |            .+.+.|
[   53.893748] cloud-init[698]: |            Eoo.o|
[   53.895148] cloud-init[698]: +----[SHA256]-----+
[   53.896500] cloud-init[698]: Generating public/private ecdsa key pair.
[   53.899472] cloud-init[698]: Your identification has been saved in /etc/ssh/ssh_host_ecdsa_key.
[   53.901944] cloud-init[698]: Your public key has been saved in /etc/ssh/ssh_host_ecdsa_key.pub.
[   53.905012] cloud-init[698]: The key fingerprint is:
[   53.908412] cloud-init[698]: SHA256:MSy8vDyt4iV82meC2tdMzWFIQbmYnLDoRdqYJdK4aYc root@ubuntu-bionic
[   53.913030] cloud-init[698]: The key's randomart image is:
[   53.915047] cloud-init[698]: +---[ECDSA 256]---+
[   53.928991] cloud-init[698]: | o     .oo       |
[   53.930736] cloud-init[698]: |o o +. .o        |
[   53.933436] cloud-init[698]: | +.X +o=+o       |
[   53.940919] cloud-init[698]: |oE=.+.=oooo      |
[   53.943571] cloud-init[698]: |....  o S+ .     |
[   53.954069] cloud-init[698]: |  .. . o. o      |
[   53.959660] cloud-init[698]: |    o.*+.        |
[   53.962376] cloud-init[698]: |   .o*oo=        |
[   53.963877] cloud-init[698]: |  .o+oo+         |
[   53.965613] cloud-init[698]: +----[SHA256]-----+
[   53.978056] cloud-init[698]: Generating public/private ed25519 key pair.
[   53.991997] cloud-init[698]: Your identification has been saved in /etc/ssh/ssh_host_ed25519_key.
[   53.996540] cloud-init[698]: Your public key has been saved in /etc/ssh/ssh_host_ed25519_key.pub.
[   53.999581] cloud-init[698]: The key fingerprint is:
[   54.002971] cloud-init[698]: SHA256:iHMQLGhkcovL38WXR9Ic0bFWu6PWoF/PFWgpUoEI1Wg root@ubuntu-bionic
[   54.011402] cloud-init[698]: The key's randomart image is:
[   54.015847] cloud-init[698]: +--[ED25519 256]--+
[   54.023203] cloud-init[698]: |o+....o.+ .+o... |
[   54.029282] cloud-init[698]: |++.... E oo o.o .|
[   54.031038] cloud-init[698]: |o ... .  . = o . |
[   54.032817] cloud-init[698]: |..   o..  = . o .|
[   54.044003] cloud-init[698]: |..  o ooS+ o = + |
[   54.049876] cloud-init[698]: |  . .o. . o + + o|
[   54.051629] cloud-init[698]: |   . .     . o o.|
[   54.053932] cloud-init[698]: |            o ..o|
[   54.055988] cloud-init[698]: |             .  o|
[   54.058434] cloud-init[698]: +----[SHA256]-----+
[[0;32m  OK  [0m] Started Initial cloud-init job (metadata service crawler).
[[0;32m  OK  [0m] Reached target Network is Online.
[[0;32m  OK  [0m] Reached target Remote File Systems (Pre).
[[0;32m  OK  [0m] Reached target Remote File Systems.
         Starting Availability of block devices...
[[0;32m  OK  [0m] Reached target Cloud-config availability.
[[0;32m  OK  [0m] Reached target System Initialization.
[[0;32m  OK  [0m] Listening on UUID daemon activation socket.
         Starting LXD - unix socket.
[[0;32m  OK  [0m] Started Discard unused blocks once a week.
         Starting Socket activation for snappy daemon.
[[0;32m  OK  [0m] Started ACPI Events Check.
[[0;32m  OK  [0m] Reached target Paths.
[[0;32m  OK  [0m] Started Daily apt download activities.
[[0;32m  OK  [0m] Started Daily apt upgrade and clean activities.
[[0;32m  OK  [0m] Listening on D-Bus System Message Bus Socket.
[[0;32m  OK  [0m] Listening on Open-iSCSI iscsid Socket.
[[0;32m  OK  [0m] Listening on ACPID Listen Socket.
[[0;32m  OK  [0m] Started Daily Cleanup of Temporary Directories.
[[0;32m  OK  [0m] Started Message of the Day.
[[0;32m  OK  [0m] Reached target Timers.
[[0;32m  OK  [0m] Started Availability of block devices.
[[0;32m  OK  [0m] Listening on LXD - unix socket.
[[0;32m  OK  [0m] Listening on Socket activation for snappy daemon.
[[0;32m  OK  [0m] Reached target Sockets.
[[0;32m  OK  [0m] Reached target Basic System.
         Starting LSB: Record successful boot for GRUB...
         Starting Login Service...
[[0;32m  OK  [0m] Started D-Bus System Message Bus.
[[0;32m  OK  [0m] Started Login Service.
[[0;32m  OK  [0m] Started FUSE filesystem for LXC.
[[0;32m  OK  [0m] Started Unattended Upgrades Shutdown.
         Starting Permit User Sessions...
         Starting LXD - container startup/shutdown...
[[0;32m  OK  [0m] Started Deferred execution scheduler.
         Starting LSB: automatic crash report generation...
         Starting Accounts Service...
         Starting Dispatcher daemon for systemd-networkd...
         Starting Virtualbox guest utils...
         Starting System Logging Service...
         Starting Snap Daemon...
[[0;32m  OK  [0m] Started Regular background program processing daemon.
         Starting Pollinate to seed the pseudo random number generator...
[[0;32m  OK  [0m] Started irqbalance daemon.
[[0;32m  OK  [0m] Started Permit User Sessions.
         Starting Terminate Plymouth Boot Screen...
         Starting Hold until boot process finishes up...
[[0;32m  OK  [0m] Started Terminate Plymouth Boot Screen.
[[0;32m  OK  [0m] Started Hold until boot process finishes up.
[[0;32m  OK  [0m] Started Serial Getty on ttyS0.
         Starting Set console scheme...
[[0;32m  OK  [0m] Started Set console scheme.
[[0;32m  OK  [0m] Created slice system-getty.slice.
[[0;32m  OK  [0m] Started Getty on tty1.
[[0;32m  OK  [0m] Reached target Login Prompts.
         Starting Authorization Manager...
[[0;32m  OK  [0m] Started LSB: automatic crash report generation.
[[0;32m  OK  [0m] Started LSB: Record successful boot for GRUB.
[[0;32m  OK  [0m] Started System Logging Service.
[[0;32m  OK  [0m] Started Authorization Manager.
[[0;32m  OK  [0m] Started Accounts Service.
[[0;32m  OK  [0m] Started Virtualbox guest utils.

Ubuntu 18.04.5 LTS ubuntu-bionic ttyS0

ubuntu-bionic login: [   80.190154] cloud-init[1536]: Cloud-init v. 21.1-19-gbad84ad4-0ubuntu1~18.04.1 running 'modules:config' at Tue, 20 Apr 2021 23:32:52 +0000. Up 76.38 seconds.
ci-info: no authorized SSH keys fingerprints found for user ubuntu.
<14>Apr 20 23:32:57 ec2: 
<14>Apr 20 23:32:57 ec2: #############################################################
<14>Apr 20 23:32:57 ec2: -----BEGIN SSH HOST KEY FINGERPRINTS-----
<14>Apr 20 23:32:57 ec2: 1024 SHA256:wDx3yceJtdrGlxRC3iSZY7Br02GMxltZFbjyPtZjJ7I root@ubuntu-bionic (DSA)
<14>Apr 20 23:32:57 ec2: 256 SHA256:MSy8vDyt4iV82meC2tdMzWFIQbmYnLDoRdqYJdK4aYc root@ubuntu-bionic (ECDSA)
<14>Apr 20 23:32:57 ec2: 256 SHA256:iHMQLGhkcovL38WXR9Ic0bFWu6PWoF/PFWgpUoEI1Wg root@ubuntu-bionic (ED25519)
<14>Apr 20 23:32:57 ec2: 2048 SHA256:Xkh6uN4ZZqj6PyODYeO2TH0uB7ZY9wYLmJF1T0N3qJA root@ubuntu-bionic (RSA)
<14>Apr 20 23:32:57 ec2: -----END SSH HOST KEY FINGERPRINTS-----
<14>Apr 20 23:32:57 ec2: #############################################################
-----BEGIN SSH HOST KEY KEYS-----
ecdsa-sha2-nistp256 AAAAE2VjZHNhLXNoYTItbmlzdHAyNTYAAAAIbmlzdHAyNTYAAABBBAUvocti+VPgSTEqhzXDMv7vgpnHmMIwst5rHJTUty0irG4dR82dN4xDdPMAGOEstAWm6+wjSdAcVLPy+2p5CGI= root@ubuntu-bionic
ssh-ed25519 AAAAC3NzaC1lZDI1NTE5AAAAIG8j09B1u6k7PYz64Atgj7aPc7GsapRpeNG1x7WoHLnx root@ubuntu-bionic
ssh-rsa AAAAB3NzaC1yc2EAAAADAQABAAABAQDZKmYjS3oKwd0oIFN/uGrq1kzTqtOKstMoAHlvb/LnbHLzD9dFYtYngUZkBzqjEM5+10xdUGhjzIgwE69zRF+6V2McMSzLlC71jIZWB2oRUGKeHQ/0nicjv/G+6btTBLkdzrgPXX3QKuJnDYUVPPqlzytO4DRcN26qETCBPf5PLSxMaMUA7BFEpoEl2Sv4MCg69syJ9FGzgoQq4BdoHMvcNJgmQHSZG0daIXK9XClWunBdrRpbNLRCN9398WMFZAKoSK6xQ9zqnQcf4bTEdCQWLnMctdtXwYdmcQs/yQ4KW1ASMEQaOsaQwMW7NUTOakq7YeOeUaI4QBmLvJKbHWJV root@ubuntu-bionic
-----END SSH HOST KEY KEYS-----
[   81.756130] cloud-init[1717]: Cloud-init v. 21.1-19-gbad84ad4-0ubuntu1~18.04.1 running 'modules:final' at Tue, 20 Apr 2021 23:32:57 +0000. Up 81.30 seconds.
[   81.756287] cloud-init[1717]: ci-info: no authorized SSH keys fingerprints found for user ubuntu.
[   81.756359] cloud-init[1717]: Cloud-init v. 21.1-19-gbad84ad4-0ubuntu1~18.04.1 finished at Tue, 20 Apr 2021 23:32:57 +0000. Datasource DataSourceNoCloud [seed=/dev/sdb][dsmode=net].  Up 81.73 seconds
